// Jest Snapshot v1, https://goo.gl/fbAQLP

exports[`expect calculator page to match working snapshot 1`] = `
<div
  className="calc-holder"
>
  <h2
    className="sub-title"
  >
    Let\`s do some math!
  </h2>
  <div
    className="calculator"
  >
    <p
      className="calculator-result"
    >
      0
    </p>
    <div
      className="calculator-buttons"
    >
      <button
        className="grey"
        name="AC"
        onClick={[Function]}
        type="button"
      >
        AC
      </button>
      <button
        className="grey"
        name="+/-"
        onClick={[Function]}
        type="button"
      >
        +/-
      </button>
      <button
        className="grey"
        name=""
        onClick={[Function]}
        type="button"
      >
        %
      </button>
      <button
        className="orange"
        name="รท"
        onClick={[Function]}
        type="button"
      >
        รท
      </button>
      <button
        className="grey"
        name="7"
        onClick={[Function]}
        type="button"
      >
        7
      </button>
      <button
        className="grey"
        name="8"
        onClick={[Function]}
        type="button"
      >
        8
      </button>
      <button
        className="grey"
        name="9"
        onClick={[Function]}
        type="button"
      >
        9
      </button>
      <button
        className="orange"
        name="x"
        onClick={[Function]}
        type="button"
      >
        x
      </button>
      <button
        className="grey"
        name="4"
        onClick={[Function]}
        type="button"
      >
        4
      </button>
      <button
        className="grey"
        name="5"
        onClick={[Function]}
        type="button"
      >
        5
      </button>
      <button
        className="grey"
        name="6"
        onClick={[Function]}
        type="button"
      >
        6
      </button>
      <button
        className="orange"
        name="-"
        onClick={[Function]}
        type="button"
      >
        -
      </button>
      <button
        className="grey"
        name="1"
        onClick={[Function]}
        type="button"
      >
        1
      </button>
      <button
        className="grey"
        name="2"
        onClick={[Function]}
        type="button"
      >
        2
      </button>
      <button
        className="grey"
        name="3"
        onClick={[Function]}
        type="button"
      >
        3
      </button>
      <button
        className="orange"
        name="+"
        onClick={[Function]}
        type="button"
      >
        +
      </button>
      <button
        className="grey, zero"
        name="0"
        onClick={[Function]}
        type="button"
      >
        0
      </button>
      <button
        className="grey"
        name="."
        onClick={[Function]}
        type="button"
      >
        .
      </button>
      <button
        className="orange"
        name="="
        onClick={[Function]}
        type="button"
      >
        =
      </button>
    </div>
  </div>
</div>
`;
