// Jest Snapshot v1, https://goo.gl/fbAQLP

exports[`expect home page to match working snapshot 1`] = `
<div
  className="home-holder"
>
  <h2
    className="home-title"
  >
    Welcome to my page!
  </h2>
  <p
    className="home-text"
  >
    Lorem ipsum dolor sit amet consectetur adipisicing elit. Aperiam quis deserunt ut. Expedita delectus, ipsam aperiam iure optio hic praesentium modi repellat in nam ut soluta dolore ex illum nisi. Lorem ipsum dolor sit amet consectetur adipisicing elit. Aperiam quis deserunt ut. Expedita delectus, ipsam aperiam iure optio hic praesentium modi repellat in nam ut soluta dolore ex illum nisi. Lorem ipsum dolor sit amet consectetur adipisicing elit. Aperiam quis deserunt ut. Expedita delectus, ipsam aperiam iure optio hic praesentium modi repellat in nam ut soluta dolore ex illum nisi. Lorem ipsum dolor sit amet consectetur adipisicing elit. Aperiam quis deserunt ut. Expedita delectus, ipsam aperiam iure optio hic praesentium modi repellat in nam ut soluta dolore ex illum nisi.
  </p>
  <p
    className="home-second-text"
  >
    Lorem ipsum dolor sit amet consectetur adipisicing elit. Aperiam quis deserunt ut. Expedita delectus, ipsam aperiam iure optio hic praesentium modi repellat in nam ut soluta dolore ex illum nisi. Lorem ipsum dolor sit amet consectetur adipisicing elit. Aperiam quis deserunt ut. Expedita delectus, ipsam aperiam iure optio hic praesentium modi repellat in nam ut soluta dolore ex illum nisi. Lorem ipsum dolor sit amet consectetur adipisicing elit. Aperiam quis deserunt ut. Expedita delectus, ipsam aperiam iure optio hic praesentium modi repellat in nam ut soluta dolore ex illum nisi. Lorem ipsum dolor sit amet consectetur adipisicing elit. Aperiam quis deserunt ut. Expedita delectus, ipsam aperiam iure optio hic praesentium modi repellat in nam ut soluta dolore ex illum nisi.Lorem ipsum dolor sit amet consectetur adipisicing elit. Aperiam quis deserunt ut. Expedita delectus, ipsam aperiam iure optio hic praesentium modi repellat in nam ut soluta dolore ex illum nisi. Lorem ipsum dolor sit amet consectetur adipisicing elit.
  </p>
</div>
`;
