// Jest Snapshot v1, https://goo.gl/fbAQLP

exports[`renders correctly 1`] = `
<a
  href="/"
  onClick={[Function]}
>
  Home
</a>
`;
